// Jest Snapshot v1, https://goo.gl/fbAQLP

exports[`@/components/base/header/app-header-menu-button.vue Когда меню закрыто 1`] = `<button class="menu-btn"><span class="menu-btn__burger"><svg width="24" height="24" viewBox="0 0 24 24" fill="none" xmlns="http://www.w3.org/2000/svg"><path d="M3 12H21" stroke="white" stroke-width="1.5" stroke-linecap="round" stroke-linejoin="round"></path> <path d="M3 6H21" stroke="white" stroke-width="1.5" stroke-linecap="round" stroke-linejoin="round"></path> <path d="M3 18H21" stroke="white" stroke-width="1.5" stroke-linecap="round" stroke-linejoin="round"></path></svg> <svg xmlns="http://www.w3.org/2000/svg" width="24" height="24" viewBox="0 0 24 24" fill="none" style="display: none;"><path d="M5.63672 5.63605L18.3646 18.364" stroke="white" stroke-width="1.5" stroke-linecap="round" stroke-linejoin="round"></path> <path d="M5.63672 18.364L18.3646 5.63603" stroke="white" stroke-width="1.5" stroke-linecap="round" stroke-linejoin="round"></path></svg></span> <span class="menu-btn__title">header.menu.button</span></button>`;

exports[`@/components/base/header/app-header-menu-button.vue Когда меню открыто 1`] = `<button class="menu-btn menu-btn--active"><span class="menu-btn__burger"><svg width="24" height="24" viewBox="0 0 24 24" fill="none" xmlns="http://www.w3.org/2000/svg" style="display: none;"><path d="M3 12H21" stroke="white" stroke-width="1.5" stroke-linecap="round" stroke-linejoin="round"></path> <path d="M3 6H21" stroke="white" stroke-width="1.5" stroke-linecap="round" stroke-linejoin="round"></path> <path d="M3 18H21" stroke="white" stroke-width="1.5" stroke-linecap="round" stroke-linejoin="round"></path></svg> <svg xmlns="http://www.w3.org/2000/svg" width="24" height="24" viewBox="0 0 24 24" fill="none"><path d="M5.63672 5.63605L18.3646 18.364" stroke="white" stroke-width="1.5" stroke-linecap="round" stroke-linejoin="round"></path> <path d="M5.63672 18.364L18.3646 5.63603" stroke="white" stroke-width="1.5" stroke-linecap="round" stroke-linejoin="round"></path></svg></span> <span class="menu-btn__title">header.menu.button</span></button>`;
